To honour the JVM settings for this build a single-use Daemon process will be forked. For more on this, please refer to https://docs.gradle.org/9.1.0/userguide/gradle_daemon.html#sec:disabling_the_daemon in the Gradle documentation.
Daemon will be stopped at the end of the build
> Task :buildSrc:compileJava NO-SOURCE
> Task :buildSrc:compileGroovy UP-TO-DATE
> Task :buildSrc:processResources NO-SOURCE
> Task :buildSrc:classes UP-TO-DATE
> Task :buildSrc:jar UP-TO-DATE

> Task :checker:dependencies

------------------------------------------------------------
Project ':checker'
------------------------------------------------------------

testCompileClasspath - Compile classpath for source set 'test'.
+--- com.google.errorprone:error_prone_annotations:2.43.0
+--- org.checkerframework.annotatedlib:guava:33.1.0.2-jre
|    +--- com.google.guava:failureaccess:1.0.2
|    +--- com.google.guava:listenablefuture:9999.0-empty-to-avoid-conflict-with-guava
|    +--- com.google.code.findbugs:jsr305:3.0.2
|    +--- com.google.errorprone:error_prone_annotations:2.26.1 -> 2.43.0
|    \--- com.google.j2objc:j2objc-annotations:3.0.0
+--- project :javacutil
+--- project :dataflow
|    +--- project :javacutil
|    +--- project :checker-qual
|    \--- org.plumelib:plume-util:1.11.0
+--- project :framework
|    +--- project :javacutil
|    +--- project :dataflow (*)
|    +--- org.checkerframework:stubparser:3.26.4
|    +--- project :annotation-file-utilities
|    \--- project :checker-qual
+--- project :annotation-file-utilities
+--- project :checker-qual
+--- project :checker-util
|    \--- project :checker-qual
+--- org.plumelib:reflection-util:1.1.5
+--- org.plumelib:plume-util:1.11.0
+--- com.google.auto.value:auto-value-annotations:1.11.0
+--- com.google.auto.value:auto-value:1.11.0
+--- com.ryanharter.auto.value:auto-value-parcel:0.2.9
+--- org.projectlombok:lombok:1.18.42
+--- com.amazonaws:aws-java-sdk-ec2 -> 1.12.793
|    +--- com.amazonaws:aws-java-sdk-core:1.12.793
|    |    +--- commons-logging:commons-logging:1.1.3 -> 1.2
|    |    +--- commons-codec:commons-codec:1.15
|    |    +--- org.apache.httpcomponents:httpclient:4.5.13
|    |    |    +--- org.apache.httpcomponents:httpcore:4.4.13
|    |    |    +--- commons-logging:commons-logging:1.2
|    |    |    \--- commons-codec:commons-codec:1.11 -> 1.15
|    |    +--- com.fasterxml.jackson.core:jackson-databind:2.17.2
|    |    |    +--- com.fasterxml.jackson.core:jackson-annotations:2.17.2
|    |    |    |    \--- com.fasterxml.jackson:jackson-bom:2.17.2
|    |    |    |         +--- com.fasterxml.jackson.core:jackson-annotations:2.17.2 (c)
|    |    |    |         +--- com.fasterxml.jackson.core:jackson-core:2.17.2 (c)
|    |    |    |         +--- com.fasterxml.jackson.core:jackson-databind:2.17.2 (c)
|    |    |    |         +--- com.fasterxml.jackson.dataformat:jackson-dataformat-cbor:2.17.2 (c)
|    |    |    |         \--- com.fasterxml.jackson.module:jackson-module-scala_2.12:2.17.2 (c)
|    |    |    +--- com.fasterxml.jackson.core:jackson-core:2.17.2
|    |    |    |    \--- com.fasterxml.jackson:jackson-bom:2.17.2 (*)
|    |    |    \--- com.fasterxml.jackson:jackson-bom:2.17.2 (*)
|    |    +--- com.fasterxml.jackson.dataformat:jackson-dataformat-cbor:2.17.2
|    |    |    +--- com.fasterxml.jackson.core:jackson-databind:2.17.2 (*)
|    |    |    +--- com.fasterxml.jackson.core:jackson-core:2.17.2 (*)
|    |    |    \--- com.fasterxml.jackson:jackson-bom:2.17.2 (*)
|    |    \--- joda-time:joda-time:2.12.7
|    \--- com.amazonaws:jmespath-java:1.12.793
|         \--- com.fasterxml.jackson.core:jackson-databind:2.17.2 (*)
+--- com.amazonaws:aws-java-sdk-kms -> 1.12.793
|    +--- com.amazonaws:aws-java-sdk-core:1.12.793 (*)
|    \--- com.amazonaws:jmespath-java:1.12.793 (*)
+--- com.amazonaws:aws-java-sdk-bom:1.12.793
|    +--- com.amazonaws:aws-java-sdk-ec2:1.12.793 (c)
|    +--- com.amazonaws:aws-java-sdk-kms:1.12.793 (c)
|    +--- com.amazonaws:aws-java-sdk-core:1.12.793 (c)
|    \--- com.amazonaws:jmespath-java:1.12.793 (c)
+--- javax.servlet:javax.servlet-api:4.0.1
+--- commons-io:commons-io:2.20.0
+--- org.apache.spark:spark-sql_2.12:3.3.2
|    +--- org.rocksdb:rocksdbjni:6.20.3
|    +--- com.univocity:univocity-parsers:2.9.1
|    +--- org.apache.spark:spark-sketch_2.12:3.3.2
|    |    +--- org.apache.spark:spark-tags_2.12:3.3.2
|    |    |    +--- org.scala-lang:scala-library:2.12.15 -> 2.12.19
|    |    |    \--- org.spark-project.spark:unused:1.0.0
|    |    \--- org.spark-project.spark:unused:1.0.0
|    +--- org.apache.spark:spark-core_2.12:3.3.2
|    |    +--- org.apache.avro:avro:1.11.0
|    |    |    +--- com.fasterxml.jackson.core:jackson-core:2.12.5 -> 2.17.2 (*)
|    |    |    +--- com.fasterxml.jackson.core:jackson-databind:2.12.5 -> 2.17.2 (*)
|    |    |    +--- org.apache.commons:commons-compress:1.21
|    |    |    \--- org.slf4j:slf4j-api:1.7.32 -> 1.7.33
|    |    +--- org.apache.avro:avro-mapred:1.11.0
|    |    |    +--- org.apache.avro:avro-ipc:1.11.0
|    |    |    |    +--- org.apache.avro:avro:1.11.0 (*)
|    |    |    |    +--- com.fasterxml.jackson.core:jackson-core:2.12.5 -> 2.17.2 (*)
|    |    |    |    +--- com.fasterxml.jackson.core:jackson-databind:2.12.5 -> 2.17.2 (*)
|    |    |    |    +--- org.xerial.snappy:snappy-java:1.1.8.4
|    |    |    |    +--- org.tukaani:xz:1.9
|    |    |    |    \--- org.slf4j:slf4j-api:1.7.32 -> 1.7.33
|    |    |    +--- com.fasterxml.jackson.core:jackson-core:2.12.5 -> 2.17.2 (*)
|    |    |    \--- org.slf4j:slf4j-api:1.7.32 -> 1.7.33
|    |    +--- com.twitter:chill_2.12:0.10.0
|    |    |    +--- org.scala-lang:scala-library:2.12.14 -> 2.12.19
|    |    |    +--- com.twitter:chill-java:0.10.0
|    |    |    |    \--- com.esotericsoftware:kryo-shaded:4.0.2
|    |    |    |         +--- com.esotericsoftware:minlog:1.3.0
|    |    |    |         \--- org.objenesis:objenesis:2.5.1
|    |    |    \--- com.esotericsoftware:kryo-shaded:4.0.2 (*)
|    |    +--- com.twitter:chill-java:0.10.0 (*)
|    |    +--- org.apache.xbean:xbean-asm9-shaded:4.20
|    |    +--- org.apache.hadoop:hadoop-client-api:3.3.2
|    |    |    \--- org.xerial.snappy:snappy-java:1.1.8.2 -> 1.1.8.4
|    |    +--- org.apache.hadoop:hadoop-client-runtime:3.3.2
|    |    +--- org.apache.spark:spark-launcher_2.12:3.3.2
|    |    |    +--- org.apache.spark:spark-tags_2.12:3.3.2 (*)
|    |    |    \--- org.spark-project.spark:unused:1.0.0
|    |    +--- org.apache.spark:spark-kvstore_2.12:3.3.2
|    |    |    +--- org.apache.spark:spark-tags_2.12:3.3.2 (*)
|    |    |    +--- org.fusesource.leveldbjni:leveldbjni-all:1.8
|    |    |    +--- com.fasterxml.jackson.core:jackson-core:2.13.4 -> 2.17.2 (*)
|    |    |    +--- com.fasterxml.jackson.core:jackson-databind:2.13.4.2 -> 2.17.2 (*)
|    |    |    +--- com.fasterxml.jackson.core:jackson-annotations:2.13.4 -> 2.17.2 (*)
|    |    |    +--- org.rocksdb:rocksdbjni:6.20.3
|    |    |    \--- org.spark-project.spark:unused:1.0.0
|    |    +--- org.apache.spark:spark-network-common_2.12:3.3.2
|    |    |    +--- org.scala-lang:scala-library:2.12.15 -> 2.12.19
|    |    |    +--- io.netty:netty-all:4.1.74.Final
|    |    |    |    +--- io.netty:netty-buffer:4.1.74.Final
|    |    |    |    |    \--- io.netty:netty-common:4.1.74.Final
|    |    |    |    +--- io.netty:netty-codec:4.1.74.Final
|    |    |    |    |    +--- io.netty:netty-common:4.1.74.Final
|    |    |    |    |    +--- io.netty:netty-buffer:4.1.74.Final (*)
|    |    |    |    |    \--- io.netty:netty-transport:4.1.74.Final
|    |    |    |    |         +--- io.netty:netty-common:4.1.74.Final
|    |    |    |    |         +--- io.netty:netty-buffer:4.1.74.Final (*)
|    |    |    |    |         \--- io.netty:netty-resolver:4.1.74.Final
|    |    |    |    |              \--- io.netty:netty-common:4.1.74.Final
|    |    |    |    +--- io.netty:netty-common:4.1.74.Final
|    |    |    |    +--- io.netty:netty-handler:4.1.74.Final
|    |    |    |    |    +--- io.netty:netty-common:4.1.74.Final
|    |    |    |    |    +--- io.netty:netty-resolver:4.1.74.Final (*)
|    |    |    |    |    +--- io.netty:netty-buffer:4.1.74.Final (*)
|    |    |    |    |    +--- io.netty:netty-transport:4.1.74.Final (*)
|    |    |    |    |    +--- io.netty:netty-codec:4.1.74.Final (*)
|    |    |    |    |    \--- io.netty:netty-tcnative-classes:2.0.48.Final
|    |    |    |    +--- io.netty:netty-tcnative-classes:2.0.48.Final
|    |    |    |    +--- io.netty:netty-resolver:4.1.74.Final (*)
|    |    |    |    +--- io.netty:netty-transport:4.1.74.Final (*)
|    |    |    |    +--- io.netty:netty-transport-classes-epoll:4.1.74.Final
|    |    |    |    +--- io.netty:netty-transport-native-unix-common:4.1.74.Final
|    |    |    |    |    +--- io.netty:netty-common:4.1.74.Final
|    |    |    |    |    +--- io.netty:netty-buffer:4.1.74.Final (*)
|    |    |    |    |    \--- io.netty:netty-transport:4.1.74.Final (*)
|    |    |    |    \--- io.netty:netty-transport-classes-kqueue:4.1.74.Final
|    |    |    +--- org.apache.commons:commons-lang3:3.12.0
|    |    |    +--- org.fusesource.leveldbjni:leveldbjni-all:1.8
|    |    |    +--- com.fasterxml.jackson.core:jackson-databind:2.13.4.2 -> 2.17.2 (*)
|    |    |    +--- com.fasterxml.jackson.core:jackson-annotations:2.13.4 -> 2.17.2 (*)
|    |    |    +--- io.dropwizard.metrics:metrics-core:4.2.7
|    |    |    |    \--- org.slf4j:slf4j-api:1.7.32 -> 1.7.33
|    |    |    +--- com.google.code.findbugs:jsr305:3.0.0 -> 3.0.2
|    |    |    +--- org.apache.commons:commons-crypto:1.1.0
|    |    |    +--- com.google.crypto.tink:tink:1.6.1
|    |    |    |    +--- com.google.protobuf:protobuf-java:3.14.0
|    |    |    |    \--- com.google.code.gson:gson:2.8.6
|    |    |    +--- org.roaringbitmap:RoaringBitmap:0.9.25
|    |    |    \--- org.spark-project.spark:unused:1.0.0
|    |    +--- org.apache.spark:spark-network-shuffle_2.12:3.3.2
|    |    |    +--- org.apache.spark:spark-network-common_2.12:3.3.2 (*)
|    |    |    +--- io.dropwizard.metrics:metrics-core:4.2.7 (*)
|    |    |    +--- org.apache.spark:spark-tags_2.12:3.3.2 (*)
|    |    |    +--- org.roaringbitmap:RoaringBitmap:0.9.25
|    |    |    \--- org.spark-project.spark:unused:1.0.0
|    |    +--- org.apache.spark:spark-unsafe_2.12:3.3.2
|    |    |    +--- org.apache.spark:spark-tags_2.12:3.3.2 (*)
|    |    |    +--- com.twitter:chill_2.12:0.10.0 (*)
|    |    |    +--- com.google.code.findbugs:jsr305:3.0.0 -> 3.0.2
|    |    |    \--- org.spark-project.spark:unused:1.0.0
|    |    +--- javax.activation:activation:1.1.1
|    |    +--- org.apache.curator:curator-recipes:2.13.0
|    |    |    \--- org.apache.curator:curator-framework:2.13.0
|    |    |         \--- org.apache.curator:curator-client:2.13.0
|    |    |              +--- org.apache.zookeeper:zookeeper:3.4.8 -> 3.6.2
|    |    |              |    +--- commons-lang:commons-lang:2.6
|    |    |              |    +--- org.apache.zookeeper:zookeeper-jute:3.6.2
|    |    |              |    |    \--- org.apache.yetus:audience-annotations:0.5.0 -> 0.12.0
|    |    |              |    +--- org.apache.yetus:audience-annotations:0.5.0 -> 0.12.0
|    |    |              |    +--- io.netty:netty-handler:4.1.50.Final -> 4.1.74.Final (*)
|    |    |              |    \--- io.netty:netty-transport-native-epoll:4.1.50.Final
|    |    |              |         +--- io.netty:netty-common:4.1.50.Final -> 4.1.74.Final
|    |    |              |         +--- io.netty:netty-buffer:4.1.50.Final -> 4.1.74.Final (*)
|    |    |              |         +--- io.netty:netty-transport:4.1.50.Final -> 4.1.74.Final (*)
|    |    |              |         \--- io.netty:netty-transport-native-unix-common:4.1.50.Final -> 4.1.74.Final (*)
|    |    |              \--- com.google.guava:guava:16.0.1
|    |    +--- org.apache.zookeeper:zookeeper:3.6.2 (*)
|    |    +--- jakarta.servlet:jakarta.servlet-api:4.0.3
|    |    +--- commons-codec:commons-codec:1.15
|    |    +--- org.apache.commons:commons-lang3:3.12.0
|    |    +--- org.apache.commons:commons-math3:3.6.1
|    |    +--- org.apache.commons:commons-text:1.10.0
|    |    |    \--- org.apache.commons:commons-lang3:3.12.0
|    |    +--- commons-io:commons-io:2.11.0 -> 2.20.0
|    |    +--- commons-collections:commons-collections:3.2.2
|    |    +--- org.apache.commons:commons-collections4:4.4
|    |    +--- com.google.code.findbugs:jsr305:3.0.0 -> 3.0.2
|    |    +--- org.slf4j:slf4j-api:1.7.32 -> 1.7.33
|    |    +--- org.slf4j:jul-to-slf4j:1.7.32
|    |    |    \--- org.slf4j:slf4j-api:1.7.32 -> 1.7.33
|    |    +--- org.slf4j:jcl-over-slf4j:1.7.32
|    |    |    \--- org.slf4j:slf4j-api:1.7.32 -> 1.7.33
|    |    +--- org.apache.logging.log4j:log4j-slf4j-impl:2.17.2
|    |    |    +--- org.slf4j:slf4j-api:1.7.25 -> 1.7.33
|    |    |    \--- org.apache.logging.log4j:log4j-api:2.17.2
|    |    +--- org.apache.logging.log4j:log4j-api:2.17.2
|    |    +--- org.apache.logging.log4j:log4j-core:2.17.2
|    |    |    \--- org.apache.logging.log4j:log4j-api:2.17.2
|    |    +--- org.apache.logging.log4j:log4j-1.2-api:2.17.2
|    |    |    \--- org.apache.logging.log4j:log4j-api:2.17.2
|    |    +--- com.ning:compress-lzf:1.1
|    |    +--- org.xerial.snappy:snappy-java:1.1.8.4
|    |    +--- org.lz4:lz4-java:1.8.0
|    |    +--- com.github.luben:zstd-jni:1.5.2-1
|    |    +--- org.roaringbitmap:RoaringBitmap:0.9.25
|    |    +--- org.scala-lang.modules:scala-xml_2.12:1.2.0
|    |    |    \--- org.scala-lang:scala-library:2.12.8 -> 2.12.19
|    |    +--- org.scala-lang:scala-library:2.12.15 -> 2.12.19
|    |    +--- org.scala-lang:scala-reflect:2.12.15
|    |    |    \--- org.scala-lang:scala-library:2.12.15 -> 2.12.19
|    |    +--- org.json4s:json4s-jackson_2.12:3.7.0-M11
|    |    |    +--- org.scala-lang:scala-library:2.12.13 -> 2.12.19
|    |    |    \--- org.json4s:json4s-core_2.12:3.7.0-M11
|    |    |         +--- org.scala-lang:scala-library:2.12.13 -> 2.12.19
|    |    |         +--- org.json4s:json4s-ast_2.12:3.7.0-M11
|    |    |         |    \--- org.scala-lang:scala-library:2.12.13 -> 2.12.19
|    |    |         +--- org.json4s:json4s-scalap_2.12:3.7.0-M11
|    |    |         |    \--- org.scala-lang:scala-library:2.12.13 -> 2.12.19
|    |    |         \--- com.thoughtworks.paranamer:paranamer:2.8
|    |    +--- org.glassfish.jersey.core:jersey-client:2.36
|    |    |    +--- jakarta.ws.rs:jakarta.ws.rs-api:2.1.6
|    |    |    +--- org.glassfish.jersey.core:jersey-common:2.36
|    |    |    |    +--- jakarta.ws.rs:jakarta.ws.rs-api:2.1.6
|    |    |    |    +--- jakarta.annotation:jakarta.annotation-api:1.3.5
|    |    |    |    +--- org.glassfish.hk2.external:jakarta.inject:2.6.1
|    |    |    |    \--- org.glassfish.hk2:osgi-resource-locator:1.0.3
|    |    |    \--- org.glassfish.hk2.external:jakarta.inject:2.6.1
|    |    +--- org.glassfish.jersey.core:jersey-common:2.36 (*)
|    |    +--- org.glassfish.jersey.core:jersey-server:2.36
|    |    |    +--- org.glassfish.jersey.core:jersey-common:2.36 (*)
|    |    |    +--- org.glassfish.jersey.core:jersey-client:2.36 (*)
|    |    |    +--- jakarta.ws.rs:jakarta.ws.rs-api:2.1.6
|    |    |    +--- jakarta.annotation:jakarta.annotation-api:1.3.5
|    |    |    +--- org.glassfish.hk2.external:jakarta.inject:2.6.1
|    |    |    \--- jakarta.validation:jakarta.validation-api:2.0.2
|    |    +--- org.glassfish.jersey.containers:jersey-container-servlet:2.36
|    |    |    +--- org.glassfish.jersey.containers:jersey-container-servlet-core:2.36
|    |    |    |    +--- org.glassfish.hk2.external:jakarta.inject:2.6.1
|    |    |    |    +--- org.glassfish.jersey.core:jersey-common:2.36 (*)
|    |    |    |    +--- org.glassfish.jersey.core:jersey-server:2.36 (*)
|    |    |    |    \--- jakarta.ws.rs:jakarta.ws.rs-api:2.1.6
|    |    |    +--- org.glassfish.jersey.core:jersey-common:2.36 (*)
|    |    |    +--- org.glassfish.jersey.core:jersey-server:2.36 (*)
|    |    |    \--- jakarta.ws.rs:jakarta.ws.rs-api:2.1.6
|    |    +--- org.glassfish.jersey.containers:jersey-container-servlet-core:2.36 (*)
|    |    +--- org.glassfish.jersey.inject:jersey-hk2:2.36
|    |    |    +--- org.glassfish.jersey.core:jersey-common:2.36 (*)
|    |    |    +--- org.glassfish.hk2:hk2-locator:2.6.1
|    |    |    |    +--- org.glassfish.hk2.external:jakarta.inject:2.6.1
|    |    |    |    +--- org.glassfish.hk2.external:aopalliance-repackaged:2.6.1
|    |    |    |    +--- org.glassfish.hk2:hk2-api:2.6.1
|    |    |    |    |    +--- org.glassfish.hk2.external:jakarta.inject:2.6.1
|    |    |    |    |    +--- org.glassfish.hk2:hk2-utils:2.6.1
|    |    |    |    |    |    \--- org.glassfish.hk2.external:jakarta.inject:2.6.1
|    |    |    |    |    \--- org.glassfish.hk2.external:aopalliance-repackaged:2.6.1
|    |    |    |    \--- org.glassfish.hk2:hk2-utils:2.6.1 (*)
|    |    |    \--- org.javassist:javassist:3.25.0-GA
|    |    +--- io.netty:netty-all:4.1.74.Final (*)
|    |    +--- com.clearspring.analytics:stream:2.9.6
|    |    |    \--- org.slf4j:slf4j-api:1.7.10 -> 1.7.33
|    |    +--- io.dropwizard.metrics:metrics-core:4.2.7 (*)
|    |    +--- io.dropwizard.metrics:metrics-jvm:4.2.7
|    |    |    +--- io.dropwizard.metrics:metrics-core:4.2.7 (*)
|    |    |    \--- org.slf4j:slf4j-api:1.7.32 -> 1.7.33
|    |    +--- io.dropwizard.metrics:metrics-json:4.2.7
|    |    |    +--- io.dropwizard.metrics:metrics-core:4.2.7 (*)
|    |    |    +--- com.fasterxml.jackson.core:jackson-core:2.12.6 -> 2.17.2 (*)
|    |    |    \--- com.fasterxml.jackson.core:jackson-databind:2.12.6 -> 2.17.2 (*)
|    |    +--- io.dropwizard.metrics:metrics-graphite:4.2.7
|    |    |    +--- io.dropwizard.metrics:metrics-core:4.2.7 (*)
|    |    |    \--- org.slf4j:slf4j-api:1.7.32 -> 1.7.33
|    |    +--- io.dropwizard.metrics:metrics-jmx:4.2.7
|    |    |    +--- io.dropwizard.metrics:metrics-core:4.2.7 (*)
|    |    |    \--- org.slf4j:slf4j-api:1.7.32 -> 1.7.33
|    |    +--- com.fasterxml.jackson.core:jackson-databind:2.13.4.2 -> 2.17.2 (*)
|    |    +--- com.fasterxml.jackson.module:jackson-module-scala_2.12:2.13.4 -> 2.17.2
|    |    |    +--- org.scala-lang:scala-library:2.12.19
|    |    |    +--- com.fasterxml.jackson.core:jackson-core:2.17.2 (*)
|    |    |    +--- com.fasterxml.jackson.core:jackson-annotations:2.17.2 (*)
|    |    |    +--- com.fasterxml.jackson.core:jackson-databind:2.17.2 (*)
|    |    |    \--- com.thoughtworks.paranamer:paranamer:2.8
|    |    +--- org.apache.ivy:ivy:2.5.1
|    |    +--- oro:oro:2.0.8
|    |    +--- net.razorvine:pickle:1.2
|    |    +--- net.sf.py4j:py4j:0.10.9.5
|    |    +--- org.apache.spark:spark-tags_2.12:3.3.2 (*)
|    |    +--- org.apache.commons:commons-crypto:1.1.0
|    |    \--- org.spark-project.spark:unused:1.0.0
|    +--- org.apache.spark:spark-catalyst_2.12:3.3.2
|    |    +--- org.scala-lang:scala-reflect:2.12.15 (*)
|    |    +--- org.scala-lang.modules:scala-parser-combinators_2.12:1.1.2
|    |    |    \--- org.scala-lang:scala-library:2.12.8 -> 2.12.19
|    |    +--- org.apache.spark:spark-core_2.12:3.3.2 (*)
|    |    +--- org.apache.spark:spark-tags_2.12:3.3.2 (*)
|    |    +--- org.apache.spark:spark-unsafe_2.12:3.3.2 (*)
|    |    +--- org.apache.spark:spark-sketch_2.12:3.3.2 (*)
|    |    +--- org.codehaus.janino:janino:3.0.16
|    |    |    \--- org.codehaus.janino:commons-compiler:3.0.16
|    |    +--- org.codehaus.janino:commons-compiler:3.0.16
|    |    +--- org.antlr:antlr4-runtime:4.8
|    |    +--- commons-codec:commons-codec:1.15
|    |    +--- com.univocity:univocity-parsers:2.9.1
|    |    +--- org.apache.arrow:arrow-vector:7.0.0
|    |    |    +--- org.apache.arrow:arrow-format:7.0.0
|    |    |    |    \--- com.google.flatbuffers:flatbuffers-java:1.12.0
|    |    |    +--- org.apache.arrow:arrow-memory-core:7.0.0
|    |    |    |    +--- com.google.code.findbugs:jsr305:3.0.2
|    |    |    |    \--- org.slf4j:slf4j-api:1.7.25 -> 1.7.33
|    |    |    +--- com.fasterxml.jackson.core:jackson-databind:2.11.4 -> 2.17.2 (*)
|    |    |    +--- commons-codec:commons-codec:1.10 -> 1.15
|    |    |    +--- com.google.flatbuffers:flatbuffers-java:1.12.0
|    |    |    \--- org.slf4j:slf4j-api:1.7.25 -> 1.7.33
|    |    +--- org.apache.arrow:arrow-memory-netty:7.0.0
|    |    |    +--- org.apache.arrow:arrow-memory-core:7.0.0 (*)
|    |    |    \--- org.slf4j:slf4j-api:1.7.25 -> 1.7.33
|    |    \--- org.spark-project.spark:unused:1.0.0
|    +--- org.apache.spark:spark-tags_2.12:3.3.2 (*)
|    +--- org.apache.orc:orc-core:1.7.8
|    |    +--- org.apache.orc:orc-shims:1.7.8
|    |    |    \--- org.slf4j:slf4j-api:1.7.33
|    |    +--- com.google.protobuf:protobuf-java:2.5.0 -> 3.14.0
|    |    +--- org.apache.commons:commons-lang3:3.12.0
|    |    +--- io.airlift:aircompressor:0.21
|    |    +--- org.jetbrains:annotations:17.0.0
|    |    +--- org.slf4j:slf4j-api:1.7.33
|    |    \--- org.threeten:threeten-extra:1.5.0
|    +--- org.apache.orc:orc-mapreduce:1.7.8
|    |    +--- commons-codec:commons-codec:1.15
|    |    +--- org.apache.commons:commons-lang3:3.12.0
|    |    \--- org.slf4j:slf4j-api:1.7.33
|    +--- org.apache.hive:hive-storage-api:2.7.2
|    |    \--- org.slf4j:slf4j-api:1.7.10 -> 1.7.33
|    +--- org.apache.parquet:parquet-column:1.12.2
|    |    +--- org.apache.parquet:parquet-common:1.12.2
|    |    |    +--- org.apache.parquet:parquet-format-structures:1.12.2
|    |    |    |    +--- org.slf4j:slf4j-api:1.7.22 -> 1.7.33
|    |    |    |    \--- javax.annotation:javax.annotation-api:1.3.2
|    |    |    +--- org.slf4j:slf4j-api:1.7.22 -> 1.7.33
|    |    |    \--- org.apache.yetus:audience-annotations:0.12.0
|    |    \--- org.apache.parquet:parquet-encoding:1.12.2
|    |         \--- org.apache.parquet:parquet-common:1.12.2 (*)
|    +--- org.apache.parquet:parquet-hadoop:1.12.2
|    |    +--- org.apache.parquet:parquet-column:1.12.2 (*)
|    |    +--- org.apache.parquet:parquet-format-structures:1.12.2 (*)
|    |    +--- org.apache.parquet:parquet-jackson:1.12.2
|    |    +--- org.xerial.snappy:snappy-java:1.1.8 -> 1.1.8.4
|    |    \--- com.github.luben:zstd-jni:1.4.9-1 -> 1.5.2-1
|    +--- com.fasterxml.jackson.core:jackson-databind:2.13.4.2 -> 2.17.2 (*)
|    +--- org.apache.xbean:xbean-asm9-shaded:4.20
|    \--- org.spark-project.spark:unused:1.0.0
+--- junit:junit:4.13.2
|    \--- org.hamcrest:hamcrest-core:1.3
\--- project :framework-test

(c) - A dependency constraint, not a dependency. The dependency affected by the constraint occurs elsewhere in the tree.
(*) - Indicates repeated occurrences of a transitive dependency subtree. Gradle expands transitive dependency subtrees only once per project; repeat occurrences only display the root of the subtree, followed by this annotation.

A web-based, searchable dependency report is available by adding the --scan option.

[Incubating] Problems report is available at: file:///app/build/reports/problems/problems-report.html

Deprecated Gradle features were used in this build, making it incompatible with Gradle 10.

You can use '--warning-mode all' to show the individual deprecation warnings and determine if they come from your own scripts or plugins.

For more on this, please refer to https://docs.gradle.org/9.1.0/userguide/command_line_interface.html#sec:command_line_warnings in the Gradle documentation.

BUILD SUCCESSFUL in 17s
3 actionable tasks: 1 executed, 2 up-to-date
Consider enabling configuration cache to speed up this build: https://docs.gradle.org/9.1.0/userguide/configuration_cache_enabling.html
